// Jest Snapshot v1, https://goo.gl/fbAQLP

exports[`Config export default 1`] = `
Object {
  "debug": true,
  "environment": "test",
  "host": "0.0.0.0",
  "port": 80,
}
`;
